HTTP/1.1 200 OKContent-Type: text/xmlSOAPAction: "ebXML"Content-Length: 5268Connection: closeServer: Jetty(6.1.3)<?xml version="1.0" encoding="UTF-8"?><soap:Envelope xmlns:soap="http://schemas.xmlsoap.org/soap/envelope/"xmlns:xlink="http://www.w3.org/1999/xlink"xmlns:xsi="http://www.w3.org/2001/XMLSchema-instance"xsi:schemaLocation="http://schemas.xmlsoap.org/soap/envelope/ http://www.oasis-open.org/committees/ebxml-msg/schema/envelope.xsd"><soap:Headerxmlns:eb="http://www.oasis-open.org/committees/ebxml-msg/schema/msg-header-2_0.xsd"xsi:schemaLocation="http://www.oasis-open.org/committees/ebxml-msg/schema/msg-header-2_0.xsd http://www.oasis-open.org/committees/ebxml-msg/schema/msg-header-2_0.xsd"><eb:MessageHeadereb:id="ID265177191287376376735tcgws02" eb:version="2.0"soap:mustUnderstand="1"><eb:From><eb:PartyIdeb:type="string">TCDNSWDemo</eb:PartyId><eb:Role>NSW</eb:Role></eb:From><eb:To><eb:PartyIdeb:type="string">DOEBDemo</eb:PartyId><eb:Role>OGAs</eb:Role></eb:To><eb:CPAId>NSW_DOEB_1_00</eb:CPAId><eb:ConversationId>40300363290000011_999999</eb:ConversationId><eb:Service>urn:oasis:names:tc:ebxml-msg:service</eb:Service><eb:Action>MessageError</eb:Action><eb:MessageData><eb:MessageId>M1287376376710.1509234@tcgws02_te2969358934284683180</eb:MessageId><eb:Timestamp>2010-10-18T04:32:56.710Z</eb:Timestamp><eb:RefToMessageId>40300363290000011</eb:RefToMessageId></eb:MessageData></eb:MessageHeader><eb:ErrorListeb:highestSeverity="Error"eb:id="ID50027011287376376710tcgws02" eb:version="2.0"soap:mustUnderstand="1"><eb:Erroreb:codeContext="urn:oasis:names:tc:ebxml-msg:service:errors"eb:errorCode="SecurityFailure"eb:id="ID265593421287376376710tcgws02"eb:location="//soap:Envelope/soap:Header/ds:Signature"eb:severity="Error"><eb:Descriptionxml:lang="en-US">getSigningKey caught Exception: parseKeyInfo caught Exception: getCertificateFromKeyInfo caught Exception: getValidatedSigningCert caught Exception: No trust anchor found</eb:Description></eb:Error></eb:ErrorList><ds:Signaturexmlns:ds="http://www.w3.org/2000/09/xmldsig#"><ds:SignedInfo><ds:CanonicalizationMethodAlgorithm="http://www.w3.org/TR/2001/REC-xml-c14n-20010315"/><ds:SignatureMethodAlgorithm="http://www.w3.org/2000/09/xmldsig#rsa-sha1"/><ds:ReferenceURI=""><ds:Transforms><ds:TransformAlgorithm="http://www.w3.org/2000/09/xmldsig#enveloped-signature"/><ds:TransformAlgorithm="http://www.w3.org/TR/1999/REC-xpath-19991116"><ds:XPath>not(ancestor-or-self::node()[@soap:actor="urn:oasis:names:tc:ebxml-msg:service:nextMSH"] | ancestor-or-self::node()[@soap:actor="http://schemas.xmlsoap.org/soap/actor/next"])</ds:XPath></ds:Transform><ds:TransformAlgorithm="http://www.w3.org/TR/2001/REC-xml-c14n-20010315"/></ds:Transforms><ds:DigestMethodAlgorithm="http://www.w3.org/2000/09/xmldsig#sha1"/><ds:DigestValue>h/ODz9JrLgmBtAH4IMnmUXA1RTE=</ds:DigestValue></ds:Reference></ds:SignedInfo><ds:SignatureValue>c7Qyc7Q5s4ezWg122p/u4xv41IDl3FOWGxSlbXqnsn5C7Pky9JM3JeQYE0d0RDpjSp0puiq6JsIVVLu1zdnz9+mNtwq2Ss0md6caaiflMW0GIAUcGZZFh4sAQNPeBM3NXJSNloNNHVcr0KK5x+DqPKC9LgUCm64X2+Zt9O3eLZ8=</ds:SignatureValue><ds:KeyInfo><ds:KeyValue><ds:RSAKeyValue><ds:Modulus>v+tUSr8o+bDxkOEeUEYvhlpibIpu/UUAMkLne2MPtGcG4ztbcY/vnHwjWPw+U+eAall0YhBKAZOT0ubHeGUYFPMaUvaFj33r5wvxrZqypVHUgeOkdzI5Lyj9HMoXPLW3tta1Xe1a8Xurnq3bknlBmtpeRw/MTubWW6mmpn2+smM=</ds:Modulus><ds:Exponent>AQAB</ds:Exponent></ds:RSAKeyValue></ds:KeyValue><ds:X509Data><ds:X509IssuerSerial><ds:X509IssuerName>CN=NSW Development</ds:X509IssuerName><ds:X509SerialNumber>117927610574099318679145891579146720136</ds:X509SerialNumber></ds:X509IssuerSerial><ds:X509SubjectName>CN=NSW Development</ds:X509SubjectName><ds:X509Certificate>MIIB5zCCAVCgAwIBAgIQWLgIGgxuYMgQYM4Rvr7TiDANBgkqhkiG9w0BAQUFADAaMRgwFgYDVQQDEw9OU1cgRGV2ZWxvcG1lbnQwHhcNMTAwNzIzMTIxMTQzWhcNMTMwNzIyMTIxMTQzWjAaMRgwFgYDVQQDEw9OU1cgRGV2ZWxvcG1lbnQwgZ8wDQYJKoZIhvcNAQEBBQADgY0AMIGJAoGBAL/rVEq/KPmw8ZDhHlBGL4ZaYmyKbv1FADJC53tjD7RnBuM7W3GP75x8I1j8PlPngGpZdGIQSgGTk9Lmx3hlGBTzGlL2hY996+cL8a2asqVR1IHjpHcyOS8o/RzKFzy1t7bWtV3tWvF7q56t25J5QZraXkcPzE7m1luppqZ9vrJjAgMBAAGjLjAsMB0GA1UdJQQWMBQGCCsGAQUFBwMBBggrBgEFBQcDAjALBgNVHQ8EBAMCAKAwDQYJKoZIhvcNAQEFBQADgYEAY5vheMUHxw3TUADTmqBR20VMTa5SxMOFcIlRBoPrjE/DtL+MZqJzu+b3nLM7faA6JNBEz+K+FFUFcG3Z19OOXvFwYpWkCWqusxL21buNfxlcciQcaKHO1g245wmNoPNBMXJClX1R6VfwB5IpBR31QAEcQvHIPhKGtx2rKgO9mRk=</ds:X509Certificate></ds:X509Data></ds:KeyInfo></ds:Signature></soap:Header><soap:Bodyxmlns:eb="http://www.oasis-open.org/committees/ebxml-msg/schema/msg-header-2_0.xsd" xsi:schemaLocation="http://www.oasis-open.org/committees/ebxml-msg/schema/msg-header-2_0.xsd http://www.oasis-open.org/committees/ebxml-msg/schema/msg-header-2_0.xsd"/></soap:Envelope>